// Jest Snapshot v1, https://goo.gl/fbAQLP

exports[`custom template should allow to custom template by html.template option 1`] = `"<!doctype html><html><head><title>Hello World</title><script defer=\\"defer\\" src=\\"/static/js/builder-runtime.js\\"></script><script defer=\\"defer\\" src=\\"/static/js/lib-polyfill.js\\"></script><script defer=\\"defer\\" src=\\"/static/js/lib-react.js\\"></script><script defer=\\"defer\\" src=\\"/static/js/main.js\\"></script></head><body><div id=\\"root\\"></div></body></html>"`;
