// Jest Snapshot v1, https://goo.gl/fbAQLP

exports[`custom template should allow to custom template by html.template option 1`] = `"<!doctype html><html><head><title>Hello World</title><meta charset="utf-8"><meta name="viewport" content="width=device-width,initial-scale=1,shrink-to-fit=no,viewport-fit=cover,minimum-scale=1,maximum-scale=1,user-scalable=no"><meta http-equiv="x-ua-compatible" content="ie=edge"><meta name="renderer" content="webkit"><meta name="layoutmode" content="standard"><meta name="imagemode" content="force"><meta name="wap-font-scale" content="no"><meta name="format-detection" content="telephone=no"><script defer="defer" src="/static/js/main.js"></script></head><body><div id="root"></div></body></html>"`;
