// Jest Snapshot v1, https://goo.gl/fbAQLP

exports[`fixture:format:umd format umd 1`] = `
"// index.ts
(function(global, factory) {
    if (typeof module === \\"object\\" && typeof module.exports === \\"object\\") factory(exports);
    else if (typeof define === \\"function\\" && define.amd) define([
        \\"exports\\"
    ], factory);
    else if (global = typeof globalThis !== \\"undefined\\" ? globalThis : global || self) factory(global.main = {});
})(this, function(exports) {
    \\"use strict\\";
    Object.defineProperty(exports, \\"__esModule\\", {
        value: true
    });
    Object.defineProperty(exports, \\"a\\", {
        enumerable: true,
        get: function() {
            return a;
        }
    });
    function a() {
        console.log(1);
    }
});
"
`;
