// Jest Snapshot v1, https://goo.gl/fbAQLP

exports[`alias in js project function usage, buildType is bundle 1`] = `
"// src/b.js
var b = "hello world";

// src/index.js
console.info(b);
"
`;

exports[`alias in js project function usage, buildType is bundleless 1`] = `
""use strict";
Object.defineProperty(exports, "__esModule", {
  value: true
});
const _b = require("./b");
console.info(_b.b);
"
`;

exports[`alias in js project object usage, buildType is bundle 1`] = `
"// src/b.js
var b = "hello world";

// src/index.js
console.info(b);
"
`;

exports[`alias in js project object usage, buildType is bundleless 1`] = `
""use strict";
Object.defineProperty(exports, "__esModule", {
  value: true
});
const _b = require("./b");
console.info(_b.b);
"
`;

exports[`alias in ts project function usage 1`] = `
"var __defProp = Object.defineProperty;
var __getOwnPropDesc = Object.getOwnPropertyDescriptor;
var __getOwnPropNames = Object.getOwnPropertyNames;
var __hasOwnProp = Object.prototype.hasOwnProperty;
var __copyProps = (to, from, except, desc) => {
  if (from && typeof from === "object" || typeof from === "function") {
    for (let key of __getOwnPropNames(from))
      if (!__hasOwnProp.call(to, key) && key !== except)
        __defProp(to, key, { get: () => from[key], enumerable: !(desc = __getOwnPropDesc(from, key)) || desc.enumerable });
  }
  return to;
};
var __toCommonJS = (mod) => __copyProps(__defProp({}, "__esModule", { value: true }), mod);

// src/index.ts
var src_exports = {};
module.exports = __toCommonJS(src_exports);

// src/b.ts
var b = "hello world";

// src/index.ts
console.info(b);
"
`;

exports[`alias in ts project function usage 2`] = `
""use strict";
Object.defineProperty(exports, "__esModule", {
  value: true
});
const _b = require("./b");
console.info(_b.b);
"
`;

exports[`alias in ts project object usage, buildType is bundle 1`] = `
"var __defProp = Object.defineProperty;
var __getOwnPropDesc = Object.getOwnPropertyDescriptor;
var __getOwnPropNames = Object.getOwnPropertyNames;
var __hasOwnProp = Object.prototype.hasOwnProperty;
var __copyProps = (to, from, except, desc) => {
  if (from && typeof from === "object" || typeof from === "function") {
    for (let key of __getOwnPropNames(from))
      if (!__hasOwnProp.call(to, key) && key !== except)
        __defProp(to, key, { get: () => from[key], enumerable: !(desc = __getOwnPropDesc(from, key)) || desc.enumerable });
  }
  return to;
};
var __toCommonJS = (mod) => __copyProps(__defProp({}, "__esModule", { value: true }), mod);

// src/index.ts
var src_exports = {};
module.exports = __toCommonJS(src_exports);

// src/b.ts
var b = "hello world";

// src/index.ts
console.info(b);
"
`;

exports[`alias in ts project object usage, buildType is bundleless 1`] = `
""use strict";
Object.defineProperty(exports, "__esModule", {
  value: true
});
const _b = require("./b");
console.info(_b.b);
"
`;
